 
****************************************
Report : cell
Design : cpu
Version: L-2016.03-SP1
Date   : Fri Sep 13 21:48:51 2024
****************************************

Attributes:
    b - black box (unknown)
    h - hierarchical
    n - noncombinational
    p - parameterized
    r - removable
    u - contains unmapped logic

Cell                      Reference       Library             Area  Attributes
--------------------------------------------------------------------------------
U200                      NR2             lsi_10k         1.000000  
U201                      IVP             lsi_10k         1.000000  
U202                      IVP             lsi_10k         1.000000  
U203                      AO2             lsi_10k         2.000000  
U204                      IVP             lsi_10k         1.000000  
U205                      AO2             lsi_10k         2.000000  
U206                      IVP             lsi_10k         1.000000  
U207                      AO2             lsi_10k         2.000000  
U208                      IVP             lsi_10k         1.000000  
U209                      AO2             lsi_10k         2.000000  
U210                      IVP             lsi_10k         1.000000  
U211                      AO2             lsi_10k         2.000000  
U212                      IVP             lsi_10k         1.000000  
U213                      AO2             lsi_10k         2.000000  
U214                      IVP             lsi_10k         1.000000  
U215                      AO2             lsi_10k         2.000000  
U216                      IVP             lsi_10k         1.000000  
U217                      AO2             lsi_10k         2.000000  
U218                      IVP             lsi_10k         1.000000  
U219                      AO2             lsi_10k         2.000000  
U220                      IVP             lsi_10k         1.000000  
U221                      AO2             lsi_10k         2.000000  
U222                      IVP             lsi_10k         1.000000  
U223                      AO2             lsi_10k         2.000000  
U224                      IVP             lsi_10k         1.000000  
U225                      AO2             lsi_10k         2.000000  
U226                      IVP             lsi_10k         1.000000  
U227                      AO2             lsi_10k         2.000000  
U228                      IVP             lsi_10k         1.000000  
U229                      AO2             lsi_10k         2.000000  
U230                      IVP             lsi_10k         1.000000  
U231                      AO2             lsi_10k         2.000000  
U232                      IVP             lsi_10k         1.000000  
U233                      AO2             lsi_10k         2.000000  
U234                      IVP             lsi_10k         1.000000  
U235                      AO2             lsi_10k         2.000000  
U236                      IVP             lsi_10k         1.000000  
U237                      AO2             lsi_10k         2.000000  
U238                      IVP             lsi_10k         1.000000  
U239                      AO2             lsi_10k         2.000000  
U240                      IVP             lsi_10k         1.000000  
U241                      AO2             lsi_10k         2.000000  
U242                      IVP             lsi_10k         1.000000  
U243                      AO2             lsi_10k         2.000000  
U244                      IVP             lsi_10k         1.000000  
U245                      AO2             lsi_10k         2.000000  
U246                      IVP             lsi_10k         1.000000  
U247                      AO2             lsi_10k         2.000000  
U248                      IVP             lsi_10k         1.000000  
U249                      AO2             lsi_10k         2.000000  
U250                      IVP             lsi_10k         1.000000  
U251                      AO2             lsi_10k         2.000000  
U252                      IVP             lsi_10k         1.000000  
U253                      AO2             lsi_10k         2.000000  
U254                      IVP             lsi_10k         1.000000  
U255                      AO2             lsi_10k         2.000000  
U256                      IVP             lsi_10k         1.000000  
U257                      AO2             lsi_10k         2.000000  
U258                      IVP             lsi_10k         1.000000  
U259                      AO2             lsi_10k         2.000000  
U260                      ND2             lsi_10k         1.000000  
U261                      ND2             lsi_10k         1.000000  
U262                      IVP             lsi_10k         1.000000  
U263                      AO2             lsi_10k         2.000000  
U264                      IVP             lsi_10k         1.000000  
U265                      AO2             lsi_10k         2.000000  
U266                      IVP             lsi_10k         1.000000  
U267                      IVP             lsi_10k         1.000000  
U268                      AO2             lsi_10k         2.000000  
U269                      IVP             lsi_10k         1.000000  
U270                      AO2             lsi_10k         2.000000  
U271                      AO2             lsi_10k         2.000000  
U272                      IVP             lsi_10k         1.000000  
U273                      AO2             lsi_10k         2.000000  
U274                      IVP             lsi_10k         1.000000  
U275                      AO2             lsi_10k         2.000000  
U276                      IVP             lsi_10k         1.000000  
U277                      AO2             lsi_10k         2.000000  
U278                      IVP             lsi_10k         1.000000  
U279                      AO2             lsi_10k         2.000000  
U280                      IVP             lsi_10k         1.000000  
U281                      AO2             lsi_10k         2.000000  
U282                      IVP             lsi_10k         1.000000  
U283                      AO2             lsi_10k         2.000000  
U284                      IVP             lsi_10k         1.000000  
U285                      AO2             lsi_10k         2.000000  
U286                      IVP             lsi_10k         1.000000  
U287                      AO2             lsi_10k         2.000000  
U288                      IVP             lsi_10k         1.000000  
U289                      AO2             lsi_10k         2.000000  
U290                      IVP             lsi_10k         1.000000  
U291                      AO2             lsi_10k         2.000000  
U292                      IVP             lsi_10k         1.000000  
U293                      AO2             lsi_10k         2.000000  
U294                      IVP             lsi_10k         1.000000  
U295                      AO2             lsi_10k         2.000000  
U296                      IVP             lsi_10k         1.000000  
U297                      AO2             lsi_10k         2.000000  
U298                      IVP             lsi_10k         1.000000  
U299                      AO2             lsi_10k         2.000000  
U300                      IVP             lsi_10k         1.000000  
U301                      AO2             lsi_10k         2.000000  
U302                      IVP             lsi_10k         1.000000  
U303                      AO2             lsi_10k         2.000000  
U304                      IVP             lsi_10k         1.000000  
U305                      AO2             lsi_10k         2.000000  
U306                      IVP             lsi_10k         1.000000  
U307                      AO2             lsi_10k         2.000000  
U308                      IVP             lsi_10k         1.000000  
U309                      AO2             lsi_10k         2.000000  
U310                      IVP             lsi_10k         1.000000  
U311                      AO2             lsi_10k         2.000000  
U312                      IVP             lsi_10k         1.000000  
U313                      AO2             lsi_10k         2.000000  
U314                      IVP             lsi_10k         1.000000  
U315                      AO2             lsi_10k         2.000000  
U316                      IVP             lsi_10k         1.000000  
U317                      AO2             lsi_10k         2.000000  
U318                      IVP             lsi_10k         1.000000  
U319                      AO2             lsi_10k         2.000000  
U320                      IVP             lsi_10k         1.000000  
U321                      AO2             lsi_10k         2.000000  
U322                      IVP             lsi_10k         1.000000  
U323                      AO2             lsi_10k         2.000000  
U324                      IVP             lsi_10k         1.000000  
U325                      AO2             lsi_10k         2.000000  
U326                      IVP             lsi_10k         1.000000  
U327                      AO2             lsi_10k         2.000000  
U328                      IVP             lsi_10k         1.000000  
U329                      AO2             lsi_10k         2.000000  
U330                      IVP             lsi_10k         1.000000  
U331                      AO2             lsi_10k         2.000000  
U332                      IVP             lsi_10k         1.000000  
U333                      AO2             lsi_10k         2.000000  
U334                      IVP             lsi_10k         1.000000  
U335                      AO2             lsi_10k         2.000000  
U336                      IVP             lsi_10k         1.000000  
U337                      AO2             lsi_10k         2.000000  
U338                      IVP             lsi_10k         1.000000  
U339                      AO2             lsi_10k         2.000000  
U340                      IVP             lsi_10k         1.000000  
U341                      AO2             lsi_10k         2.000000  
U342                      IVP             lsi_10k         1.000000  
U343                      AO2             lsi_10k         2.000000  
U344                      IVP             lsi_10k         1.000000  
U345                      AO2             lsi_10k         2.000000  
U346                      IVP             lsi_10k         1.000000  
U347                      AO2             lsi_10k         2.000000  
U348                      IVP             lsi_10k         1.000000  
U349                      AO2             lsi_10k         2.000000  
U350                      IVP             lsi_10k         1.000000  
U351                      AO2             lsi_10k         2.000000  
U352                      IVP             lsi_10k         1.000000  
U353                      AO2             lsi_10k         2.000000  
U354                      IVP             lsi_10k         1.000000  
U355                      AO2             lsi_10k         2.000000  
U356                      IVP             lsi_10k         1.000000  
U357                      AO2             lsi_10k         2.000000  
U358                      IVP             lsi_10k         1.000000  
U359                      AO2             lsi_10k         2.000000  
U360                      IVP             lsi_10k         1.000000  
U361                      AO2             lsi_10k         2.000000  
U362                      IVP             lsi_10k         1.000000  
U363                      AO2             lsi_10k         2.000000  
U364                      IVP             lsi_10k         1.000000  
U365                      AO2             lsi_10k         2.000000  
U366                      IVP             lsi_10k         1.000000  
U367                      AO2             lsi_10k         2.000000  
U368                      IVP             lsi_10k         1.000000  
U369                      AO2             lsi_10k         2.000000  
U370                      IVP             lsi_10k         1.000000  
U371                      AO2             lsi_10k         2.000000  
U372                      IVP             lsi_10k         1.000000  
U373                      AO2             lsi_10k         2.000000  
U374                      IVP             lsi_10k         1.000000  
U375                      AO2             lsi_10k         2.000000  
U376                      IVP             lsi_10k         1.000000  
U377                      AO2             lsi_10k         2.000000  
U378                      IVP             lsi_10k         1.000000  
U379                      AO2             lsi_10k         2.000000  
U380                      IVP             lsi_10k         1.000000  
U381                      AO2             lsi_10k         2.000000  
U382                      IVP             lsi_10k         1.000000  
U383                      AO2             lsi_10k         2.000000  
U384                      IVP             lsi_10k         1.000000  
U385                      AO2             lsi_10k         2.000000  
U386                      IVP             lsi_10k         1.000000  
U387                      AO2             lsi_10k         2.000000  
U388                      IVP             lsi_10k         1.000000  
U389                      AO2             lsi_10k         2.000000  
U390                      IVP             lsi_10k         1.000000  
U391                      AO2             lsi_10k         2.000000  
U392                      IVP             lsi_10k         1.000000  
U393                      AO2             lsi_10k         2.000000  
U394                      IVP             lsi_10k         1.000000  
U395                      AO2             lsi_10k         2.000000  
U396                      IVP             lsi_10k         1.000000  
i_alu                     alu                             2632.000000
                                                                    h
i_ctrlu                   ctrlu                           212.000000
                                                                    h, n
i_decoder                 decoder                         91.000000 h
i_ifu                     ifu                             984.000000
                                                                    h, n
i_registers               regfile_ADDR_WIDTH5_DATA_WIDTH32
                                                          13131.000000
                                                                    h, n, p
--------------------------------------------------------------------------------
Total 202 cells                                           17343.000000
1
