 
****************************************
check_design summary:
Version:     L-2016.03-SP1
Date:        Fri Sep 13 21:48:40 2024
****************************************

                   Name                                            Total
--------------------------------------------------------------------------------
Inputs/Outputs                                                     32
    Feedthrough (LINT-29)                                          32

Cells                                                               9
    Cells do not drive (LINT-1)                                     9
--------------------------------------------------------------------------------

Warning: In design 'ifu', cell 'B_17' does not drive any nets. (LINT-1)
Warning: In design 'ifu', cell 'B_18' does not drive any nets. (LINT-1)
Warning: In design 'alu', cell 'B_12' does not drive any nets. (LINT-1)
Warning: In design 'alu', cell 'B_13' does not drive any nets. (LINT-1)
Warning: In design 'alu', cell 'B_14' does not drive any nets. (LINT-1)
Warning: In design 'alu', cell 'B_15' does not drive any nets. (LINT-1)
Warning: In design 'alu', cell 'B_16' does not drive any nets. (LINT-1)
Warning: In design 'alu', cell 'B_17' does not drive any nets. (LINT-1)
Warning: In design 'alu', cell 'B_18' does not drive any nets. (LINT-1)
Warning: In design 'decoder', input port 'insn_i[31]' is connected directly to output port 'funct7_o[6]'. (LINT-29)
Warning: In design 'decoder', input port 'insn_i[30]' is connected directly to output port 'funct7_o[5]'. (LINT-29)
Warning: In design 'decoder', input port 'insn_i[29]' is connected directly to output port 'funct7_o[4]'. (LINT-29)
Warning: In design 'decoder', input port 'insn_i[28]' is connected directly to output port 'funct7_o[3]'. (LINT-29)
Warning: In design 'decoder', input port 'insn_i[27]' is connected directly to output port 'funct7_o[2]'. (LINT-29)
Warning: In design 'decoder', input port 'insn_i[26]' is connected directly to output port 'funct7_o[1]'. (LINT-29)
Warning: In design 'decoder', input port 'insn_i[25]' is connected directly to output port 'funct7_o[0]'. (LINT-29)
Warning: In design 'decoder', input port 'insn_i[24]' is connected directly to output port 'rs2_o[4]'. (LINT-29)
Warning: In design 'decoder', input port 'insn_i[23]' is connected directly to output port 'rs2_o[3]'. (LINT-29)
Warning: In design 'decoder', input port 'insn_i[22]' is connected directly to output port 'rs2_o[2]'. (LINT-29)
Warning: In design 'decoder', input port 'insn_i[21]' is connected directly to output port 'rs2_o[1]'. (LINT-29)
Warning: In design 'decoder', input port 'insn_i[20]' is connected directly to output port 'rs2_o[0]'. (LINT-29)
Warning: In design 'decoder', input port 'insn_i[19]' is connected directly to output port 'rs1_o[4]'. (LINT-29)
Warning: In design 'decoder', input port 'insn_i[18]' is connected directly to output port 'rs1_o[3]'. (LINT-29)
Warning: In design 'decoder', input port 'insn_i[17]' is connected directly to output port 'rs1_o[2]'. (LINT-29)
Warning: In design 'decoder', input port 'insn_i[16]' is connected directly to output port 'rs1_o[1]'. (LINT-29)
Warning: In design 'decoder', input port 'insn_i[15]' is connected directly to output port 'rs1_o[0]'. (LINT-29)
Warning: In design 'decoder', input port 'insn_i[14]' is connected directly to output port 'funct3_o[2]'. (LINT-29)
Warning: In design 'decoder', input port 'insn_i[13]' is connected directly to output port 'funct3_o[1]'. (LINT-29)
Warning: In design 'decoder', input port 'insn_i[12]' is connected directly to output port 'funct3_o[0]'. (LINT-29)
Warning: In design 'decoder', input port 'insn_i[11]' is connected directly to output port 'rd_o[4]'. (LINT-29)
Warning: In design 'decoder', input port 'insn_i[10]' is connected directly to output port 'rd_o[3]'. (LINT-29)
Warning: In design 'decoder', input port 'insn_i[9]' is connected directly to output port 'rd_o[2]'. (LINT-29)
Warning: In design 'decoder', input port 'insn_i[8]' is connected directly to output port 'rd_o[1]'. (LINT-29)
Warning: In design 'decoder', input port 'insn_i[7]' is connected directly to output port 'rd_o[0]'. (LINT-29)
Warning: In design 'decoder', input port 'insn_i[6]' is connected directly to output port 'opcode_o[6]'. (LINT-29)
Warning: In design 'decoder', input port 'insn_i[5]' is connected directly to output port 'opcode_o[5]'. (LINT-29)
Warning: In design 'decoder', input port 'insn_i[4]' is connected directly to output port 'opcode_o[4]'. (LINT-29)
Warning: In design 'decoder', input port 'insn_i[3]' is connected directly to output port 'opcode_o[3]'. (LINT-29)
Warning: In design 'decoder', input port 'insn_i[2]' is connected directly to output port 'opcode_o[2]'. (LINT-29)
Warning: In design 'decoder', input port 'insn_i[1]' is connected directly to output port 'opcode_o[1]'. (LINT-29)
Warning: In design 'decoder', input port 'insn_i[0]' is connected directly to output port 'opcode_o[0]'. (LINT-29)
1
